// Jest Snapshot v1, https://goo.gl/fbAQLP

exports[`email-templates/new-run should return new Run Email Content 1`] = `
"<td class=\\"wrapper\\">
    <table role=\\"presentation\\" border=\\"0\\" cellpadding=\\"0\\" cellspacing=\\"0\\">
        <tr>
            <td>
                <p>Hello there!</p>
                <p>The checklist <strong>Test Run</strong> has been created. You can complete this checklist via the following URL:</p><br/>
                <table class=\\"btn btn-primary\\" role=\\"presentation\\" border=\\"0\\" cellpadding=\\"0\\" cellspacing=\\"0\\">
                    <tbody>
                        <tr>
                            <td align=\\"left\\">
                                <table role=\\"presentation\\" border=\\"0\\" cellpadding=\\"0\\" cellspacing=\\"0\\">
                                    <tbody>
                                        <tr>
                                            <td><a href=\\"www.google.com\\" target=\\"_blank\\">Open Run</a></td>
                                        </tr>
                                    </tbody>
                                </table>
                            </td>
                        </tr>
                    </tbody>
                </table><br/>
                <p>Thanks!</p>
                <p>The KDSP team</p>
            </td>
        </tr>
    </table>
    </td>"
`;
